MAP
  EXTENT 974248.875 622098.8125 981266.1875 629678.375
  FONTSET "../map/res/fonts.txt"
  IMAGECOLOR 255 255 255
  IMAGETYPE png
  SYMBOLSET "../map/res/symbols.sym"
  SIZE 640 480
  STATUS ON
  UNITS METERS
  NAME "amenazas"

  OUTPUTFORMAT
    NAME "png"
    MIMETYPE "image/png"
    DRIVER "GD/PNG"
    EXTENSION "png"
    IMAGEMODE "PC256"
    TRANSPARENT FALSE
    FORMATOPTION "QUALITY=100"
  END

  LEGEND
    IMAGECOLOR 255 255 255
    KEYSIZE 20 10
    KEYSPACING 5 5
    LABEL
      SIZE MEDIUM
      TYPE BITMAP
      BUFFER 0
      COLOR 0 0 0
      FORCE FALSE
      MINDISTANCE -1
      MINFEATURESIZE -1
      OFFSET 0 0
      PARTIALS TRUE
    END
    POSITION LL
    STATUS OFF
  END

  QUERYMAP
    COLOR 255 255 0
    SIZE -1 -1
    STATUS OFF
    STYLE HILITE
  END

  SCALEBAR
    COLOR 0 0 0
    IMAGECOLOR 255 255 255
    INTERVALS 4
    LABEL
      SIZE MEDIUM
      TYPE BITMAP
      BUFFER 0
      COLOR 0 0 0
      FORCE FALSE
      MINDISTANCE -1
      MINFEATURESIZE -1
      OFFSET 0 0
      PARTIALS TRUE
    END
    OUTLINECOLOR 0 0 0
    POSITION LL
    SIZE 200 3
    STATUS EMBED
    STYLE 0
    TRANSPARENT TRUE
    UNITS METERS
  END

  WEB
    IMAGEPATH "C:/ms4w/tmp/ms_tmp/"
    IMAGEURL "/ms_tmp/"
    QUERYFORMAT text/html
    LEGENDFORMAT text/html
    BROWSEFORMAT text/html
  END

  LAYER
    CONNECTION "dbname=geopasto user=postgres password=postgres host=127.0.0.1 port=5432"
    CONNECTIONTYPE POSTGIS
    DATA "the_geom from gis.perimetro"
    NAME "Perimetro"
    STATUS ON
    TYPE POLYGON
    UNITS METERS
    CLASS
      NAME "Perimetro"
      STYLE
        ANGLE 360
        COLOR 255 255 255
        OPACITY 100
        OUTLINECOLOR 0 0 0
        SIZE 6
        SYMBOL "SOLIDO"
      END
    END
  END

  LAYER
    CONNECTION "dbname=geopasto user=postgres password=postgres host=127.0.0.1 port=5432"
    CONNECTIONTYPE POSTGIS
    DATA "the_geom from gis.comunas"
    LABELITEM "num_comuna"
    LABELMAXSCALEDENOM 44855
    LABELMINSCALEDENOM 5607
    NAME "Comunas"
    STATUS OFF
    TYPE POLYGON
    UNITS METERS
    CLASS
      NAME "Otras Comunas"
      EXPRESSION ([num_comuna] ne 3)
      LABEL
        ANGLE 0.000000
        ANTIALIAS TRUE
        FONT "trebuc"
        MAXSIZE 256
        MINSIZE 4
        SIZE 8
        TYPE TRUETYPE
        BUFFER 0
        COLOR 0 0 0
        FORCE FALSE
        MINDISTANCE -1
        MINFEATURESIZE -1
        OFFSET 0 0
        OUTLINECOLOR 230 230 230
        PARTIALS TRUE
        POSITION CC
        SHADOWCOLOR 230 230 230
        SHADOWSIZE 0 0
      END
      STYLE
        ANGLE 360
        COLOR 0 204 0
        OPACITY 100
        OUTLINECOLOR 0 0 0
        SIZE 5
        SYMBOL "solido"
      END
    END
    CLASS
      NAME "Comuna 3"
      EXPRESSION ([num_comuna] = 3)
      LABEL
        ANGLE 0.000000
        ANTIALIAS TRUE
        FONT "trebuc"
        MAXSIZE 256
        MINSIZE 4
        SIZE 8
        TYPE TRUETYPE
        BUFFER 0
        COLOR 0 0 0
        FORCE FALSE
        MINDISTANCE -1
        MINFEATURESIZE -1
        OFFSET 0 0
        OUTLINECOLOR 230 230 230
        PARTIALS TRUE
        POSITION CC
        SHADOWCOLOR 230 230 230
        SHADOWSIZE 0 0
      END
      STYLE
        ANGLE 360
        COLOR 255 0 63
        OPACITY 100
        OUTLINECOLOR 0 0 0
        SIZE 5
        SYMBOL "Solido"
      END
    END
  END

  LAYER
    CONNECTION "dbname=geopasto user=postgres password=postgres host=127.0.0.1 port=5432"
    CONNECTIONTYPE POSTGIS
    DATA "the_geom from gis.areas_homogeneas"
    LABELITEM "nombre"
    NAME "Areas Homogeneas"
    STATUS OFF
    OPACITY 60
    TYPE POLYGON
    UNITS METERS
    CLASS
      NAME "Area Plaza del Carnaval"
      EXPRESSION ([id_area] = 01)
      LABEL
        ANGLE 0.000000
        ANTIALIAS TRUE
        FONT "trebuc"
        MAXSIZE 256
        MINSIZE 4
        SIZE 8
        TYPE TRUETYPE
        BUFFER 0
        COLOR 0 0 0
        FORCE FALSE
        MINDISTANCE -1
        MINFEATURESIZE -1
        OFFSET 0 0
        OUTLINECOLOR 230 230 230
        PARTIALS TRUE
        POSITION CC
        SHADOWCOLOR 230 230 230
        SHADOWSIZE 0 0
      END
      STYLE
        ANGLE 360
        COLOR 0 0 255
        OPACITY 100
        OUTLINECOLOR 0 0 0
        SIZE 5
        SYMBOL "punto_pequeno"
      END
    END
    CLASS
      NAME "Area Plaza de Narino"
      EXPRESSION ([id_area] = 02)
      LABEL
        ANGLE 0.000000
        ANTIALIAS TRUE
        FONT "trebuc"
        MAXSIZE 256
        MINSIZE 4
        SIZE 8
        TYPE TRUETYPE
        BUFFER 0
        COLOR 0 0 0
        FORCE FALSE
        MINDISTANCE -1
        MINFEATURESIZE -1
        OFFSET 0 0
        OUTLINECOLOR 230 230 230
        PARTIALS TRUE
        POSITION CC
        SHADOWCOLOR 230 230 230
        SHADOWSIZE 0 0
      END
      STYLE
        ANGLE 360
        COLOR 0 153 38
        OPACITY 100
        OUTLINECOLOR 0 0 0
        SIZE 5
        SYMBOL "TRIANGULO"
      END
    END
    CLASS
      NAME "Area Centro Extendido"
      EXPRESSION ([id_area] = 03)
      LABEL
        ANGLE 0.000000
        ANTIALIAS TRUE
        FONT "trebuc"
        MAXSIZE 256
        MINSIZE 4
        SIZE 8
        TYPE TRUETYPE
        BUFFER 0
        COLOR 0 0 0
        FORCE FALSE
        MINDISTANCE -1
        MINFEATURESIZE -1
        OFFSET 0 0
        OUTLINECOLOR 230 230 230
        PARTIALS TRUE
        POSITION CC
        SHADOWCOLOR 230 230 230
        SHADOWSIZE 0 0
      END
      STYLE
        ANGLE 360
        COLOR 95 127 0
        OPACITY 100
        OUTLINECOLOR 0 0 0
        SIZE 5
        SYMBOL "ese"
      END
    END
    CLASS
      NAME "Area Suroccidental Inmediato"
      EXPRESSION ([id_area] = 04)
      LABEL
        ANGLE 0.000000
        ANTIALIAS TRUE
        FONT "trebuc"
        MAXSIZE 256
        MINSIZE 4
        SIZE 8
        TYPE TRUETYPE
        BUFFER 0
        COLOR 0 0 0
        FORCE FALSE
        MINDISTANCE -1
        MINFEATURESIZE -1
        OFFSET 0 0
        OUTLINECOLOR 230 230 230
        PARTIALS TRUE
        POSITION CC
        SHADOWCOLOR 230 230 230
        SHADOWSIZE 0 0
      END
      STYLE
        ANGLE 360
        COLOR 255 159 127
        OPACITY 100
        OUTLINECOLOR 0 0 0
        SIZE 5
        SYMBOL "TRIANGULO"
      END
    END
    CLASS
      NAME "Area Suroccidental Periferica - Av Panamericana"
      EXPRESSION ([id_area] = 05)
      LABEL
        ANGLE 0.000000
        ANTIALIAS TRUE
        FONT "trebuc"
        MAXSIZE 256
        MINSIZE 4
        SIZE 8
        TYPE TRUETYPE
        BUFFER 0
        COLOR 0 0 0
        FORCE FALSE
        MINDISTANCE -1
        MINFEATURESIZE -1
        OFFSET 0 0
        OUTLINECOLOR 230 230 230
        PARTIALS TRUE
        POSITION CC
        SHADOWCOLOR 230 230 230
        SHADOWSIZE 0 0
      END
      STYLE
        ANGLE 360
        COLOR 0 153 38
        OPACITY 100
        OUTLINECOLOR 0 0 0
        SIZE 5
        SYMBOL "ese"
      END
    END
    CLASS
      NAME "Area Eje Av Chile"
      EXPRESSION ([id_area] = 06)
      LABEL
        ANGLE 0.000000
        ANTIALIAS TRUE
        FONT "trebuc"
        MAXSIZE 256
        MINSIZE 4
        SIZE 8
        TYPE TRUETYPE
        BUFFER 0
        COLOR 0 0 0
        FORCE FALSE
        MINDISTANCE -1
        MINFEATURESIZE -1
        OFFSET 0 0
        OUTLINECOLOR 230 230 230
        PARTIALS TRUE
        POSITION CC
        SHADOWCOLOR 230 230 230
        SHADOWSIZE 0 0
      END
      STYLE
        ANGLE 360
        COLOR 0 204 0
        OPACITY 100
        OUTLINECOLOR 0 0 0
        SIZE 5
        SYMBOL "TREE"
      END
    END
    CLASS
      NAME "Area Noroccidental Inmediato - Av Panamericana"
      EXPRESSION ([id_area] = 07)
      LABEL
        ANGLE 0.000000
        ANTIALIAS TRUE
        FONT "trebuc"
        MAXSIZE 256
        MINSIZE 4
        SIZE 8
        TYPE TRUETYPE
        BUFFER 0
        COLOR 0 0 0
        FORCE FALSE
        MINDISTANCE -1
        MINFEATURESIZE -1
        OFFSET 0 0
        OUTLINECOLOR 230 230 230
        PARTIALS TRUE
        POSITION CC
        SHADOWCOLOR 230 230 230
        SHADOWSIZE 0 0
      END
      STYLE
        ANGLE 360
        COLOR 0 153 38
        OPACITY 100
        OUTLINECOLOR 0 0 0
        SIZE 5
        SYMBOL "TREE"
      END
    END
    CLASS
      NAME "Area Noroccidental Periferico - Av Panamericana"
      EXPRESSION ([id_area] = 08)
      LABEL
        ANGLE 0.000000
        ANTIALIAS TRUE
        FONT "trebuc"
        MAXSIZE 256
        MINSIZE 4
        SIZE 8
        TYPE TRUETYPE
        BUFFER 0
        COLOR 0 0 0
        FORCE FALSE
        MINDISTANCE -1
        MINFEATURESIZE -1
        OFFSET 0 0
        OUTLINECOLOR 230 230 230
        PARTIALS TRUE
        POSITION CC
        SHADOWCOLOR 230 230 230
        SHADOWSIZE 0 0
      END
      STYLE
        ANGLE 360
        COLOR 0 127 31
        OPACITY 100
        OUTLINECOLOR 0 0 0
        SIZE 5
        SYMBOL "punto"
      END
    END
    CLASS
      NAME "Area Av Los Estudiantes"
      EXPRESSION ([id_area] = 09)
      LABEL
        ANGLE 0.000000
        ANTIALIAS TRUE
        FONT "trebuc"
        MAXSIZE 256
        MINSIZE 4
        SIZE 8
        TYPE TRUETYPE
        BUFFER 0
        COLOR 0 0 0
        FORCE FALSE
        MINDISTANCE -1
        MINFEATURESIZE -1
        OFFSET 0 0
        OUTLINECOLOR 230 230 230
        PARTIALS TRUE
        POSITION CC
        SHADOWCOLOR 230 230 230
        SHADOWSIZE 0 0
      END
      STYLE
        ANGLE 360
        COLOR 255 63 0
        OPACITY 100
        OUTLINECOLOR 0 0 0
        SIZE 5
        SYMBOL "punto"
      END
    END
    CLASS
      NAME "Area Noroccidental - Torobajo"
      EXPRESSION ([id_area] = 10)
      LABEL
        ANGLE 0.000000
        ANTIALIAS TRUE
        FONT "trebuc"
        MAXSIZE 256
        MINSIZE 4
        SIZE 8
        TYPE TRUETYPE
        BUFFER 0
        COLOR 0 0 0
        FORCE FALSE
        MINDISTANCE -1
        MINFEATURESIZE -1
        OFFSET 0 0
        OUTLINECOLOR 230 230 230
        PARTIALS TRUE
        POSITION CC
        SHADOWCOLOR 230 230 230
        SHADOWSIZE 0 0
      END
      STYLE
        ANGLE 360
        COLOR 255 127 0
        OPACITY 100
        OUTLINECOLOR 0 0 0
        SIZE 5
        SYMBOL "honey"
      END
    END
    CLASS
      NAME "Area Norte Pandiaco - Mitigacion"
      EXPRESSION ([id_area] = 11)
      LABEL
        ANGLE 0.000000
        ANTIALIAS TRUE
        FONT "trebuc"
        MAXSIZE 256
        MINSIZE 4
        SIZE 8
        TYPE TRUETYPE
        BUFFER 0
        COLOR 0 0 0
        FORCE FALSE
        MINDISTANCE -1
        MINFEATURESIZE -1
        OFFSET 0 0
        OUTLINECOLOR 230 230 230
        PARTIALS TRUE
        POSITION CC
        SHADOWCOLOR 230 230 230
        SHADOWSIZE 0 0
      END
      STYLE
        ANGLE 360
        COLOR 255 255 10
        OPACITY 100
        OUTLINECOLOR 0 0 0
        SIZE 5
        SYMBOL "cruz"
      END
    END
    CLASS
      NAME "Area Margen Derecha del Rio"
      EXPRESSION ([id_area] = 12)
      LABEL
        ANGLE 0.000000
        ANTIALIAS TRUE
        FONT "trebuc"
        MAXSIZE 256
        MINSIZE 4
        SIZE 8
        TYPE TRUETYPE
        BUFFER 0
        COLOR 0 0 0
        FORCE FALSE
        MINDISTANCE -1
        MINFEATURESIZE -1
        OFFSET 0 0
        OUTLINECOLOR 230 230 230
        PARTIALS TRUE
        POSITION CC
        SHADOWCOLOR 230 230 230
        SHADOWSIZE 0 0
      END
      STYLE
        ANGLE 360
        COLOR 27 63 0
        OPACITY 100
        OUTLINECOLOR 0 0 0
        SIZE 5
        SYMBOL "cuadro_pequeno"
      END
    END
    CLASS
      NAME "Area Oriental Inmediato"
      EXPRESSION ([id_area] = 13)
      LABEL
        ANGLE 0.000000
        ANTIALIAS TRUE
        FONT "trebuc"
        MAXSIZE 256
        MINSIZE 4
        SIZE 8
        TYPE TRUETYPE
        BUFFER 0
        COLOR 0 0 0
        FORCE FALSE
        MINDISTANCE -1
        MINFEATURESIZE -1
        OFFSET 0 0
        OUTLINECOLOR 230 230 230
        PARTIALS TRUE
        POSITION CC
        SHADOWCOLOR 230 230 230
        SHADOWSIZE 0 0
      END
      STYLE
        ANGLE 360
        COLOR 255 255 0
        OPACITY 100
        OUTLINECOLOR 0 0 0
        SIZE 5
        SYMBOL "cuadro_grande"
      END
    END
    CLASS
      NAME "Area Oriental Inmediato - Zona Centenario"
      EXPRESSION ([id_area] = 14)
      LABEL
        ANGLE 0.000000
        ANTIALIAS TRUE
        FONT "trebuc"
        MAXSIZE 256
        MINSIZE 4
        SIZE 8
        TYPE TRUETYPE
        BUFFER 0
        COLOR 0 0 0
        FORCE FALSE
        MINDISTANCE -1
        MINFEATURESIZE -1
        OFFSET 0 0
        OUTLINECOLOR 230 230 230
        PARTIALS TRUE
        POSITION CC
        SHADOWCOLOR 230 230 230
        SHADOWSIZE 0 0
      END
      STYLE
        ANGLE 360
        COLOR 255 127 0
        OPACITY 100
        OUTLINECOLOR 0 0 0
        SIZE 5
        SYMBOL "ESTRELLA"
      END
    END
    CLASS
      NAME "Area Oriental Periferico"
      EXPRESSION ([id_area] = 15)
      LABEL
        ANGLE 0.000000
        ANTIALIAS TRUE
        FONT "trebuc"
        MAXSIZE 256
        MINSIZE 4
        SIZE 8
        TYPE TRUETYPE
        BUFFER 0
        COLOR 0 0 0
        FORCE FALSE
        MINDISTANCE -1
        MINFEATURESIZE -1
        OFFSET 0 0
        OUTLINECOLOR 230 230 230
        PARTIALS TRUE
        POSITION CC
        SHADOWCOLOR 230 230 230
        SHADOWSIZE 0 0
      END
      STYLE
        ANGLE 360
        COLOR 0 204 204
        OPACITY 100
        OUTLINECOLOR 0 0 0
        SIZE 5
        SYMBOL "ESTRELLA"
      END
    END
    CLASS
      NAME "Area Suroriental - Sena Corponarino"
      EXPRESSION ([id_area] = 16)
      LABEL
        ANGLE 0.000000
        ANTIALIAS TRUE
        FONT "trebuc"
        MAXSIZE 256
        MINSIZE 4
        SIZE 8
        TYPE TRUETYPE
        BUFFER 0
        COLOR 0 0 0
        FORCE FALSE
        MINDISTANCE -1
        MINFEATURESIZE -1
        OFFSET 0 0
        OUTLINECOLOR 230 230 230
        PARTIALS TRUE
        POSITION CC
        SHADOWCOLOR 230 230 230
        SHADOWSIZE 0 0
      END
      STYLE
        ANGLE 360
        COLOR 153 153 0
        OPACITY 100
        OUTLINECOLOR 0 0 0
        SIZE 5
        SYMBOL "cruz_bloque"
      END
    END
    CLASS
      NAME "Area Suroriental - Potrerillo"
      EXPRESSION ([id_area] = 17)
      LABEL
        ANGLE 0.000000
        ANTIALIAS TRUE
        FONT "trebuc"
        MAXSIZE 256
        MINSIZE 4
        SIZE 8
        TYPE TRUETYPE
        BUFFER 0
        COLOR 0 0 0
        FORCE FALSE
        MINDISTANCE -1
        MINFEATURESIZE -1
        OFFSET 0 0
        OUTLINECOLOR 230 230 230
        PARTIALS TRUE
        POSITION CC
        SHADOWCOLOR 230 230 230
        SHADOWSIZE 0 0
      END
      STYLE
        ANGLE 360
        COLOR 255 63 0
        OPACITY 100
        OUTLINECOLOR 0 0 0
        SIZE 5
        SYMBOL "linea_135"
      END
    END
    CLASS
      NAME "Area Suroriental Periferico"
      EXPRESSION ([id_area] = 18)
      LABEL
        ANGLE 0.000000
        ANTIALIAS TRUE
        FONT "trebuc"
        MAXSIZE 256
        MINSIZE 4
        SIZE 8
        TYPE TRUETYPE
        BUFFER 0
        COLOR 0 0 0
        FORCE FALSE
        MINDISTANCE -1
        MINFEATURESIZE -1
        OFFSET 0 0
        OUTLINECOLOR 230 230 230
        PARTIALS TRUE
        POSITION CC
        SHADOWCOLOR 230 230 230
        SHADOWSIZE 0 0
      END
      STYLE
        ANGLE 360
        COLOR 0 153 204
        OPACITY 100
        OUTLINECOLOR 0 0 0
        SIZE 5
        SYMBOL "linea_60"
      END
    END
    CLASS
      NAME "Zona Expansion"
      EXPRESSION ([id_area] = 19)
      LABEL
        ANGLE 0.000000
        ANTIALIAS TRUE
        FONT "trebuc"
        MAXSIZE 256
        MINSIZE 4
        SIZE 8
        TYPE TRUETYPE
        BUFFER 0
        COLOR 0 0 0
        FORCE FALSE
        MINDISTANCE -1
        MINFEATURESIZE -1
        OFFSET 0 0
        OUTLINECOLOR 230 230 230
        PARTIALS TRUE
        POSITION CC
        SHADOWCOLOR 230 230 230
        SHADOWSIZE 0 0
      END
      STYLE
        ANGLE 360
        COLOR 204 204 0
        OPACITY 100
        OUTLINECOLOR 0 0 0
        SIZE 5
        SYMBOL "linea_60"
      END
    END
    CLASS
      NAME "Zona Expansion"
      EXPRESSION ([id_area] = 20)
      LABEL
        ANGLE 0.000000
        ANTIALIAS TRUE
        FONT "trebuc"
        MAXSIZE 256
        MINSIZE 4
        SIZE 8
        TYPE TRUETYPE
        BUFFER 0
        COLOR 0 0 0
        FORCE FALSE
        MINDISTANCE -1
        MINFEATURESIZE -1
        OFFSET 0 0
        OUTLINECOLOR 230 230 230
        PARTIALS TRUE
        POSITION CC
        SHADOWCOLOR 230 230 230
        SHADOWSIZE 0 0
      END
      STYLE
        ANGLE 360
        COLOR 0 255 191
        OPACITY 100
        OUTLINECOLOR 0 0 0
        SIZE 5
        SYMBOL "punto_grande"
      END
    END
  END

  LAYER
    CONNECTION "dbname=geopasto user=postgres password=postgres host=127.0.0.1 port=5432"
    CONNECTIONTYPE POSTGIS
    DATA "the_geom from gis.rios"
    LABELITEM "nombre"
    NAME "Rios"
    STATUS ON
    TYPE LINE
    UNITS METERS
    CLASS
      NAME "Rios Principales"
      LABEL
        ANGLE 0.000000
        ANTIALIAS TRUE
        FONT "trebuc"
        MAXSIZE 12
        MINSIZE 8
        SIZE 8
        TYPE TRUETYPE
        BUFFER 0
        COLOR 0 0 0
        FORCE TRUE
        MINDISTANCE -1
        MINFEATURESIZE -1
        OFFSET 0 0
        OUTLINECOLOR 230 230 230
        PARTIALS TRUE
        POSITION CC
        SHADOWCOLOR 230 230 230
        SHADOWSIZE 0 0
      END
      STYLE
        ANGLE 360
        OPACITY 100
        OUTLINECOLOR 0 123 255
        SYMBOL 0
      END
    END
  END

  LAYER
    CONNECTION "dbname=geopasto user=postgres password=postgres host=127.0.0.1 port=5432"
    CONNECTIONTYPE POSTGIS
    DATA "the_geom from gis.amenazas"
    LABELITEM "numpredio"
    LABELMAXSCALEDENOM 705
    NAME "Amenazas"
    STATUS OFF
    TYPE POLYGON
    UNITS METERS
    CLASS
      NAME "Ninguna"
      EXPRESSION ([codamenaza] = 00)
      LABEL
        ANGLE 0.000000
        ANTIALIAS TRUE
        FONT "trebuc"
        MAXSIZE 256
        MINSIZE 4
        SIZE 8
        TYPE TRUETYPE
        BUFFER 0
        COLOR 0 0 0
        FORCE FALSE
        MINDISTANCE -1
        MINFEATURESIZE -1
        OFFSET 0 0
        OUTLINECOLOR 230 230 230
        PARTIALS TRUE
        POSITION CC
        SHADOWCOLOR 230 230 230
        SHADOWSIZE 0 0
      END
      STYLE
        ANGLE 360
        COLOR 0 204 0
        OPACITY 100
        OUTLINECOLOR 0 0 0
        SIZE 5
        SYMBOL "solido"
      END
    END
    CLASS
      NAME "Zona de amenaza volc&aacute;nica baja"
      EXPRESSION ([codamenaza] = 16)
      LABEL
        ANGLE 0.000000
        ANTIALIAS TRUE
        FONT "trebuc"
        MAXSIZE 256
        MINSIZE 4
        SIZE 8
        TYPE TRUETYPE
        BUFFER 0
        COLOR 0 0 0
        FORCE FALSE
        MINDISTANCE -1
        MINFEATURESIZE -1
        OFFSET 0 0
        OUTLINECOLOR 230 230 230
        PARTIALS TRUE
        POSITION CC
        SHADOWCOLOR 230 230 230
        SHADOWSIZE 0 0
      END
      STYLE
        ANGLE 360
        COLOR 0 153 38
        OPACITY 100
        OUTLINECOLOR 0 0 0
        SIZE 5
        SYMBOL "TRIANGULO"
      END
    END
    CLASS
      NAME "Ronda Hidrica"
      EXPRESSION ([codamenaza] = 18)
      LABEL
        ANGLE 0.000000
        ANTIALIAS TRUE
        FONT "trebuc"
        MAXSIZE 256
        MINSIZE 4
        SIZE 8
        TYPE TRUETYPE
        BUFFER 0
        COLOR 0 0 0
        FORCE FALSE
        MINDISTANCE -1
        MINFEATURESIZE -1
        OFFSET 0 0
        OUTLINECOLOR 230 230 230
        PARTIALS TRUE
        POSITION CC
        SHADOWCOLOR 230 230 230
        SHADOWSIZE 0 0
      END
      STYLE
        ANGLE 360
        COLOR 0 255 191
        OPACITY 100
        OUTLINECOLOR 0 0 0
        SIZE 5
        SYMBOL "punto_grande"
      END
    END
    CLASS
      NAME "Cuerpos hidricos estructurantes"
      EXPRESSION ([codamenaza] = 19)
      LABEL
        ANGLE 0.000000
        ANTIALIAS TRUE
        FONT "trebuc"
        MAXSIZE 256
        MINSIZE 4
        SIZE 8
        TYPE TRUETYPE
        BUFFER 0
        COLOR 0 0 0
        FORCE FALSE
        MINDISTANCE -1
        MINFEATURESIZE -1
        OFFSET 0 0
        OUTLINECOLOR 230 230 230
        PARTIALS TRUE
        POSITION CC
        SHADOWCOLOR 230 230 230
        SHADOWSIZE 0 0
      END
      STYLE
        ANGLE 360
        COLOR 0 255 191
        OPACITY 100
        OUTLINECOLOR 0 0 0
        SIZE 5
        SYMBOL "punto_grande"
      END
    END
  END

END
